[Licensing::Module] Trying to connect to existing licensing client channel...
[Licensing::IpcConnector] Successfully connected to: "LicenseClient-yogib" at "2026-07-01T10:56:56.0826726Z"
Built from '6000.3/staging' branch; Version is '6000.3.17f1 (cf0352b38e81) revision 13566802'; Using compiler version '194234433'; Build Type 'Release'
OS: 'Windows 11  (10.0.26200) CoreSingleLanguage' Language: 'en' Physical Memory: 15894 MB
BatchMode: 1, IsHumanControllingUs: 0, StartBugReporterOnCrash: 0, Is64bit: 1
System  architecture: x64
Process architecture: x64
Date: 2026-07-01T10:56:56Z

COMMAND LINE ARGUMENTS:
C:\Program Files\Unity\Hub\Editor\6000.3.17f1\Editor\Unity.exe
-batchmode
-nographics
-quit
-projectPath
c:\Users\yogib\TilesClash\Unity_Game
-logFile
c:\Users\yogib\TilesClash\Unity_Game\compile_check.log
Successfully changed project path to: c:\Users\yogib\TilesClash\Unity_Game
C:/Users/yogib/TilesClash/Unity_Game
Exiting without the bug reporter. Application will terminate with return code 1