[Licensing::Module] Trying to connect to existing licensing client channel...
Built from '6000.3/staging' branch; Version is '6000.3.17f1 (cf0352b38e81) revision 13566802'; Using compiler version '194234433'; Build Type 'Release'
OS: 'Windows 11  (10.0.26200) CoreSingleLanguage' Language: 'en' Physical Memory: 15894 MB
BatchMode: 1, IsHumanControllingUs: 0, StartBugReporterOnCrash: 0, Is64bit: 1
System  architecture: x64
Process architecture: x64
Date: 2026-08-09T11:45:50Z
[Licensing::IpcConnector] Successfully connected to: "LicenseClient-yogib" at "2026-08-09T11:45:50.9717799Z"

COMMAND LINE ARGUMENTS:
C:\Program Files\Unity\Hub\Editor\6000.3.17f1\Editor\Unity.exe
-quit
-batchmode
-nographics
-projectPath
D:\UnityProjects\matchiq\Unity_Game
-executeMethod
MatchIQReactNativeExport.ExportAndroidLibraryBatch
-logFile
D:\UnityProjects\matchiq\Unity_Game\rn-export.log
Successfully changed project path to: D:\UnityProjects\matchiq\Unity_Game
D:/UnityProjects/matchiq/Unity_Game
Exiting without the bug reporter. Application will terminate with return code 1